// Jest Snapshot v1, https://goo.gl/fbAQLP

exports[`Users post component is a snapshot for userPost 1`] = `ShallowWrapper {}`;
